2026-04-17 18:01:11 | INFO | Training DQN (returns + account) with seed 7
2026-04-17 18:01:18 | INFO | Finished DQN (returns + account) seed 7 | mean_return_rate 0.2430 | sharpe 0.9079
2026-04-17 18:01:18 | INFO | Training DQN (returns + account) with seed 21
2026-04-17 18:01:23 | INFO | Finished DQN (returns + account) seed 21 | mean_return_rate -0.0000 | sharpe 0.0000
2026-04-17 18:01:23 | INFO | Training DQN (returns + account) with seed 42
2026-04-17 18:01:29 | INFO | Finished DQN (returns + account) seed 42 | mean_return_rate -0.0012 | sharpe -0.0979
2026-04-17 18:01:29 | INFO | Training Double DQN (returns + account) with seed 7
2026-04-17 18:01:34 | INFO | Finished Double DQN (returns + account) seed 7 | mean_return_rate 0.1269 | sharpe 0.6286
2026-04-17 18:01:34 | INFO | Training Double DQN (returns + account) with seed 21
2026-04-17 18:01:40 | INFO | Finished Double DQN (returns + account) seed 21 | mean_return_rate 0.2439 | sharpe 0.9133
2026-04-17 18:01:40 | INFO | Training Double DQN (returns + account) with seed 42
2026-04-17 18:01:45 | INFO | Finished Double DQN (returns + account) seed 42 | mean_return_rate -0.0024 | sharpe -0.0979
2026-04-17 18:01:45 | INFO | Training Dueling DDQN (returns + account) with seed 7
2026-04-17 18:01:54 | INFO | Finished Dueling DDQN (returns + account) seed 7 | mean_return_rate 0.2428 | sharpe 0.9327
2026-04-17 18:01:54 | INFO | Training Dueling DDQN (returns + account) with seed 21
2026-04-17 18:02:03 | INFO | Finished Dueling DDQN (returns + account) seed 21 | mean_return_rate -0.0000 | sharpe 0.0000
2026-04-17 18:02:03 | INFO | Training Dueling DDQN (returns + account) with seed 42
2026-04-17 18:02:12 | INFO | Finished Dueling DDQN (returns + account) seed 42 | mean_return_rate -0.0012 | sharpe -0.0979
2026-04-17 18:02:12 | INFO | Training D3QN + PER + 3-step (returns + account) with seed 7
2026-04-17 18:02:21 | INFO | Finished D3QN + PER + 3-step (returns + account) seed 7 | mean_return_rate -0.0000 | sharpe 0.0000
2026-04-17 18:02:21 | INFO | Training D3QN + PER + 3-step (returns + account) with seed 21
2026-04-17 18:02:31 | INFO | Finished D3QN + PER + 3-step (returns + account) seed 21 | mean_return_rate 0.1227 | sharpe 0.9274
2026-04-17 18:02:31 | INFO | Training D3QN + PER + 3-step (returns + account) with seed 42
2026-04-17 18:02:41 | INFO | Finished D3QN + PER + 3-step (returns + account) seed 42 | mean_return_rate 0.2430 | sharpe 0.9079
2026-04-17 18:02:41 | INFO | Training Noisy Full (returns + account) with seed 7
2026-04-17 18:02:56 | INFO | Finished Noisy Full (returns + account) seed 7 | mean_return_rate 0.2125 | sharpe 0.8493
2026-04-17 18:02:56 | INFO | Training Noisy Full (returns + account) with seed 21
2026-04-17 18:03:12 | INFO | Finished Noisy Full (returns + account) seed 21 | mean_return_rate 0.2439 | sharpe 0.9133
2026-04-17 18:03:12 | INFO | Training Noisy Full (returns + account) with seed 42
2026-04-17 18:03:28 | INFO | Finished Noisy Full (returns + account) seed 42 | mean_return_rate -0.0000 | sharpe 0.0000
2026-04-17 18:03:28 | INFO | Ablation results written to results/feature_only_full
2026-04-17 18:05:03 | INFO | Skipping existing run for DQN seed 7
2026-04-17 18:05:05 | INFO | Finished DQN seed 7 | mean_return_rate 0.2430 | sharpe 0.9079
2026-04-17 18:05:05 | INFO | Skipping existing run for DQN seed 21
2026-04-17 18:05:06 | INFO | Finished DQN seed 21 | mean_return_rate -0.0000 | sharpe 0.0000
2026-04-17 18:05:06 | INFO | Skipping existing run for DQN seed 42
2026-04-17 18:05:07 | INFO | Finished DQN seed 42 | mean_return_rate -0.0012 | sharpe -0.0979
2026-04-17 18:05:07 | INFO | Skipping existing run for DDQN seed 7
2026-04-17 18:05:08 | INFO | Finished DDQN seed 7 | mean_return_rate 0.1269 | sharpe 0.6286
2026-04-17 18:05:08 | INFO | Skipping existing run for DDQN seed 21
2026-04-17 18:05:09 | INFO | Finished DDQN seed 21 | mean_return_rate 0.2439 | sharpe 0.9133
2026-04-17 18:05:09 | INFO | Skipping existing run for DDQN seed 42
2026-04-17 18:05:10 | INFO | Finished DDQN seed 42 | mean_return_rate -0.0024 | sharpe -0.0979
2026-04-17 18:05:10 | INFO | Skipping existing run for Duel DDQN seed 7
2026-04-17 18:05:12 | INFO | Finished Duel DDQN seed 7 | mean_return_rate 0.2428 | sharpe 0.9327
2026-04-17 18:05:12 | INFO | Skipping existing run for Duel DDQN seed 21
2026-04-17 18:05:13 | INFO | Finished Duel DDQN seed 21 | mean_return_rate -0.0000 | sharpe 0.0000
2026-04-17 18:05:13 | INFO | Skipping existing run for Duel DDQN seed 42
2026-04-17 18:05:14 | INFO | Finished Duel DDQN seed 42 | mean_return_rate -0.0012 | sharpe -0.0979
2026-04-17 18:05:14 | INFO | Skipping existing run for D3QN seed 7
2026-04-17 18:05:15 | INFO | Finished D3QN seed 7 | mean_return_rate -0.0000 | sharpe 0.0000
2026-04-17 18:05:15 | INFO | Skipping existing run for D3QN seed 21
2026-04-17 18:05:17 | INFO | Finished D3QN seed 21 | mean_return_rate 0.1227 | sharpe 0.9274
2026-04-17 18:05:17 | INFO | Skipping existing run for D3QN seed 42
2026-04-17 18:05:18 | INFO | Finished D3QN seed 42 | mean_return_rate 0.2430 | sharpe 0.9079
2026-04-17 18:05:18 | INFO | Skipping existing run for Noisy seed 7
2026-04-17 18:05:19 | INFO | Finished Noisy seed 7 | mean_return_rate 0.2125 | sharpe 0.8493
2026-04-17 18:05:19 | INFO | Skipping existing run for Noisy seed 21
2026-04-17 18:05:21 | INFO | Finished Noisy seed 21 | mean_return_rate 0.2439 | sharpe 0.9133
2026-04-17 18:05:21 | INFO | Skipping existing run for Noisy seed 42
2026-04-17 18:05:22 | INFO | Finished Noisy seed 42 | mean_return_rate -0.0000 | sharpe 0.0000
2026-04-17 18:05:22 | INFO | Ablation results written to results/feature_only_full
2026-04-17 18:10:05 | INFO | Skipping existing run for DQN seed 7
2026-04-17 18:10:07 | INFO | Finished DQN seed 7 | mean_return_rate 0.2430 | sharpe 0.9079
2026-04-17 18:10:07 | INFO | Skipping existing run for DQN seed 21
2026-04-17 18:10:08 | INFO | Finished DQN seed 21 | mean_return_rate -0.0000 | sharpe 0.0000
2026-04-17 18:10:08 | INFO | Skipping existing run for DQN seed 42
2026-04-17 18:10:09 | INFO | Finished DQN seed 42 | mean_return_rate -0.0012 | sharpe -0.0979
2026-04-17 18:10:09 | INFO | Skipping existing run for DDQN seed 7
2026-04-17 18:10:10 | INFO | Finished DDQN seed 7 | mean_return_rate 0.1269 | sharpe 0.6286
2026-04-17 18:10:10 | INFO | Skipping existing run for DDQN seed 21
2026-04-17 18:10:11 | INFO | Finished DDQN seed 21 | mean_return_rate 0.2439 | sharpe 0.9133
2026-04-17 18:10:11 | INFO | Skipping existing run for DDQN seed 42
2026-04-17 18:10:12 | INFO | Finished DDQN seed 42 | mean_return_rate -0.0024 | sharpe -0.0979
2026-04-17 18:10:12 | INFO | Skipping existing run for Duel DDQN seed 7
2026-04-17 18:10:13 | INFO | Finished Duel DDQN seed 7 | mean_return_rate 0.2428 | sharpe 0.9327
2026-04-17 18:10:13 | INFO | Skipping existing run for Duel DDQN seed 21
2026-04-17 18:10:14 | INFO | Finished Duel DDQN seed 21 | mean_return_rate -0.0000 | sharpe 0.0000
2026-04-17 18:10:14 | INFO | Skipping existing run for Duel DDQN seed 42
2026-04-17 18:10:15 | INFO | Finished Duel DDQN seed 42 | mean_return_rate -0.0012 | sharpe -0.0979
2026-04-17 18:10:15 | INFO | Skipping existing run for D3QN seed 7
2026-04-17 18:10:16 | INFO | Finished D3QN seed 7 | mean_return_rate -0.0000 | sharpe 0.0000
2026-04-17 18:10:16 | INFO | Skipping existing run for D3QN seed 21
2026-04-17 18:10:17 | INFO | Finished D3QN seed 21 | mean_return_rate 0.1227 | sharpe 0.9274
2026-04-17 18:10:17 | INFO | Skipping existing run for D3QN seed 42
2026-04-17 18:10:19 | INFO | Finished D3QN seed 42 | mean_return_rate 0.2430 | sharpe 0.9079
2026-04-17 18:10:19 | INFO | Training D3QN+Noisy with seed 7
2026-04-17 18:10:33 | INFO | Finished D3QN+Noisy seed 7 | mean_return_rate -0.0000 | sharpe 0.0000
2026-04-17 18:10:33 | INFO | Training D3QN+Noisy with seed 21
2026-04-17 18:10:48 | INFO | Finished D3QN+Noisy seed 21 | mean_return_rate 0.2430 | sharpe 0.9079
2026-04-17 18:10:48 | INFO | Training D3QN+Noisy with seed 42
2026-04-17 18:11:02 | INFO | Finished D3QN+Noisy seed 42 | mean_return_rate 0.2430 | sharpe 0.9079
2026-04-17 18:11:02 | INFO | Ablation results written to results/feature_only_full
2026-04-17 18:24:32 | INFO | Skipping existing run for DQN seed 7
2026-04-17 18:24:34 | INFO | Finished DQN seed 7 | mean_return_rate 0.2430 | sharpe 0.9079
2026-04-17 18:24:34 | INFO | Skipping existing run for DQN seed 21
2026-04-17 18:24:35 | INFO | Finished DQN seed 21 | mean_return_rate -0.0000 | sharpe 0.0000
2026-04-17 18:24:35 | INFO | Skipping existing run for DQN seed 42
2026-04-17 18:24:36 | INFO | Finished DQN seed 42 | mean_return_rate -0.0012 | sharpe -0.0979
2026-04-17 18:24:36 | INFO | Skipping existing run for DDQN seed 7
2026-04-17 18:24:37 | INFO | Finished DDQN seed 7 | mean_return_rate 0.1269 | sharpe 0.6286
2026-04-17 18:24:37 | INFO | Skipping existing run for DDQN seed 21
2026-04-17 18:24:38 | INFO | Finished DDQN seed 21 | mean_return_rate 0.2439 | sharpe 0.9133
2026-04-17 18:24:38 | INFO | Skipping existing run for DDQN seed 42
2026-04-17 18:24:39 | INFO | Finished DDQN seed 42 | mean_return_rate -0.0024 | sharpe -0.0979
2026-04-17 18:24:39 | INFO | Skipping existing run for Duel DDQN seed 7
2026-04-17 18:24:40 | INFO | Finished Duel DDQN seed 7 | mean_return_rate 0.2428 | sharpe 0.9327
2026-04-17 18:24:40 | INFO | Skipping existing run for Duel DDQN seed 21
2026-04-17 18:24:42 | INFO | Finished Duel DDQN seed 21 | mean_return_rate -0.0000 | sharpe 0.0000
2026-04-17 18:24:42 | INFO | Skipping existing run for Duel DDQN seed 42
2026-04-17 18:24:43 | INFO | Finished Duel DDQN seed 42 | mean_return_rate -0.0012 | sharpe -0.0979
2026-04-17 18:24:43 | INFO | Skipping existing run for D3QN (+PER+3-step) seed 7
2026-04-17 18:24:44 | INFO | Finished D3QN (+PER+3-step) seed 7 | mean_return_rate -0.0000 | sharpe 0.0000
2026-04-17 18:24:44 | INFO | Skipping existing run for D3QN (+PER+3-step) seed 21
2026-04-17 18:24:45 | INFO | Finished D3QN (+PER+3-step) seed 21 | mean_return_rate 0.1227 | sharpe 0.9274
2026-04-17 18:24:45 | INFO | Skipping existing run for D3QN (+PER+3-step) seed 42
2026-04-17 18:24:46 | INFO | Finished D3QN (+PER+3-step) seed 42 | mean_return_rate 0.2430 | sharpe 0.9079
2026-04-17 18:24:46 | INFO | Skipping existing run for D3QN+Noisy seed 7
2026-04-17 18:24:48 | INFO | Finished D3QN+Noisy seed 7 | mean_return_rate -0.0000 | sharpe 0.0000
2026-04-17 18:24:48 | INFO | Skipping existing run for D3QN+Noisy seed 21
2026-04-17 18:24:49 | INFO | Finished D3QN+Noisy seed 21 | mean_return_rate 0.2430 | sharpe 0.9079
2026-04-17 18:24:49 | INFO | Skipping existing run for D3QN+Noisy seed 42
2026-04-17 18:24:50 | INFO | Finished D3QN+Noisy seed 42 | mean_return_rate 0.2430 | sharpe 0.9079
2026-04-17 18:24:50 | INFO | Ablation results written to results/feature_only_full
2026-04-17 18:35:43 | INFO | Skipping existing run for DQN seed 7
2026-04-17 18:35:45 | INFO | Finished DQN seed 7 | mean_return_rate 0.2430 | sharpe 0.9079
2026-04-17 18:35:45 | INFO | Skipping existing run for DQN seed 21
2026-04-17 18:35:46 | INFO | Finished DQN seed 21 | mean_return_rate -0.0000 | sharpe 0.0000
2026-04-17 18:35:46 | INFO | Skipping existing run for DQN seed 42
2026-04-17 18:35:47 | INFO | Finished DQN seed 42 | mean_return_rate -0.0012 | sharpe -0.0979
2026-04-17 18:35:47 | INFO | Skipping existing run for DDQN seed 7
2026-04-17 18:35:48 | INFO | Finished DDQN seed 7 | mean_return_rate 0.1269 | sharpe 0.6286
2026-04-17 18:35:48 | INFO | Skipping existing run for DDQN seed 21
2026-04-17 18:35:49 | INFO | Finished DDQN seed 21 | mean_return_rate 0.2439 | sharpe 0.9133
2026-04-17 18:35:49 | INFO | Skipping existing run for DDQN seed 42
2026-04-17 18:35:50 | INFO | Finished DDQN seed 42 | mean_return_rate -0.0024 | sharpe -0.0979
2026-04-17 18:35:50 | INFO | Skipping existing run for Duel DDQN seed 7
2026-04-17 18:35:51 | INFO | Finished Duel DDQN seed 7 | mean_return_rate 0.2428 | sharpe 0.9327
2026-04-17 18:35:51 | INFO | Skipping existing run for Duel DDQN seed 21
2026-04-17 18:35:52 | INFO | Finished Duel DDQN seed 21 | mean_return_rate -0.0000 | sharpe 0.0000
2026-04-17 18:35:52 | INFO | Skipping existing run for Duel DDQN seed 42
2026-04-17 18:35:54 | INFO | Finished Duel DDQN seed 42 | mean_return_rate -0.0012 | sharpe -0.0979
2026-04-17 18:35:54 | INFO | Skipping existing run for D3QN (+PER+3-step) seed 7
2026-04-17 18:35:55 | INFO | Finished D3QN (+PER+3-step) seed 7 | mean_return_rate -0.0000 | sharpe 0.0000
2026-04-17 18:35:55 | INFO | Skipping existing run for D3QN (+PER+3-step) seed 21
2026-04-17 18:35:56 | INFO | Finished D3QN (+PER+3-step) seed 21 | mean_return_rate 0.1227 | sharpe 0.9274
2026-04-17 18:35:56 | INFO | Skipping existing run for D3QN (+PER+3-step) seed 42
2026-04-17 18:35:57 | INFO | Finished D3QN (+PER+3-step) seed 42 | mean_return_rate 0.2430 | sharpe 0.9079
2026-04-17 18:35:57 | INFO | Skipping existing run for D3QN+Noisy seed 7
2026-04-17 18:35:59 | INFO | Finished D3QN+Noisy seed 7 | mean_return_rate -0.0000 | sharpe 0.0000
2026-04-17 18:35:59 | INFO | Skipping existing run for D3QN+Noisy seed 21
2026-04-17 18:36:00 | INFO | Finished D3QN+Noisy seed 21 | mean_return_rate 0.2430 | sharpe 0.9079
2026-04-17 18:36:00 | INFO | Skipping existing run for D3QN+Noisy seed 42
2026-04-17 18:36:01 | INFO | Finished D3QN+Noisy seed 42 | mean_return_rate 0.2430 | sharpe 0.9079
2026-04-17 18:36:01 | INFO | Ablation results written to results/feature_only_full
